// Jest Snapshot v1, https://goo.gl/fbAQLP

exports[`<HorizontalBarChart /> renders without exploding 1`] = `
ShallowWrapper {
  Symbol(enzyme.__root__): [Circular],
  Symbol(enzyme.__unrendered__): <HorizontalBarChart
    current={1}
    total={4}
  />,
  Symbol(enzyme.__renderer__): Object {
    "batchedUpdates": [Function],
    "checkPropTypes": [Function],
    "getNode": [Function],
    "render": [Function],
    "simulateError": [Function],
    "simulateEvent": [Function],
    "unmount": [Function],
  },
  Symbol(enzyme.__node__): Object {
    "instance": null,
    "key": undefined,
    "nodeType": "host",
    "props": Object {
      "children": Array [
        <div
          className="HorizontalBarChart__bar HorizontalBarChart__bar__selected"
          style={
            Object {
              "width": "25%",
            }
          }
        />,
        <div
          className="HorizontalBarChart__bar"
          style={
            Object {
              "width": "25%",
            }
          }
        />,
        <div
          className="HorizontalBarChart__bar"
          style={
            Object {
              "width": "25%",
            }
          }
        />,
        <div
          className="HorizontalBarChart__bar"
          style={
            Object {
              "width": "25%",
            }
          }
        />,
      ],
      "className": "HorizontalBarChart",
    },
    "ref": null,
    "rendered": Array [
      Object {
        "instance": null,
        "key": "1",
        "nodeType": "host",
        "props": Object {
          "className": "HorizontalBarChart__bar HorizontalBarChart__bar__selected",
          "style": Object {
            "width": "25%",
          },
        },
        "ref": null,
        "rendered": null,
        "type": "div",
      },
      Object {
        "instance": null,
        "key": "2",
        "nodeType": "host",
        "props": Object {
          "className": "HorizontalBarChart__bar",
          "style": Object {
            "width": "25%",
          },
        },
        "ref": null,
        "rendered": null,
        "type": "div",
      },
      Object {
        "instance": null,
        "key": "3",
        "nodeType": "host",
        "props": Object {
          "className": "HorizontalBarChart__bar",
          "style": Object {
            "width": "25%",
          },
        },
        "ref": null,
        "rendered": null,
        "type": "div",
      },
      Object {
        "instance": null,
        "key": "4",
        "nodeType": "host",
        "props": Object {
          "className": "HorizontalBarChart__bar",
          "style": Object {
            "width": "25%",
          },
        },
        "ref": null,
        "rendered": null,
        "type": "div",
      },
    ],
    "type": "div",
  },
  Symbol(enzyme.__nodes__): Array [
    Object {
      "instance": null,
      "key": undefined,
      "nodeType": "host",
      "props": Object {
        "children": Array [
          <div
            className="HorizontalBarChart__bar HorizontalBarChart__bar__selected"
            style={
              Object {
                "width": "25%",
              }
            }
          />,
          <div
            className="HorizontalBarChart__bar"
            style={
              Object {
                "width": "25%",
              }
            }
          />,
          <div
            className="HorizontalBarChart__bar"
            style={
              Object {
                "width": "25%",
              }
            }
          />,
          <div
            className="HorizontalBarChart__bar"
            style={
              Object {
                "width": "25%",
              }
            }
          />,
        ],
        "className": "HorizontalBarChart",
      },
      "ref": null,
      "rendered": Array [
        Object {
          "instance": null,
          "key": "1",
          "nodeType": "host",
          "props": Object {
            "className": "HorizontalBarChart__bar HorizontalBarChart__bar__selected",
            "style": Object {
              "width": "25%",
            },
          },
          "ref": null,
          "rendered": null,
          "type": "div",
        },
        Object {
          "instance": null,
          "key": "2",
          "nodeType": "host",
          "props": Object {
            "className": "HorizontalBarChart__bar",
            "style": Object {
              "width": "25%",
            },
          },
          "ref": null,
          "rendered": null,
          "type": "div",
        },
        Object {
          "instance": null,
          "key": "3",
          "nodeType": "host",
          "props": Object {
            "className": "HorizontalBarChart__bar",
            "style": Object {
              "width": "25%",
            },
          },
          "ref": null,
          "rendered": null,
          "type": "div",
        },
        Object {
          "instance": null,
          "key": "4",
          "nodeType": "host",
          "props": Object {
            "className": "HorizontalBarChart__bar",
            "style": Object {
              "width": "25%",
            },
          },
          "ref": null,
          "rendered": null,
          "type": "div",
        },
      ],
      "type": "div",
    },
  ],
  Symbol(enzyme.__options__): Object {
    "adapter": ReactSixteenAdapter {
      "options": Object {
        "enableComponentDidUpdateOnSetState": true,
        "legacyContextMode": "parent",
        "lifecycles": Object {
          "componentDidUpdate": Object {
            "onSetState": true,
          },
          "getChildContext": Object {
            "calledByRenderer": false,
          },
          "getDerivedStateFromError": true,
          "getDerivedStateFromProps": Object {
            "hasShouldComponentUpdateBug": false,
          },
          "getSnapshotBeforeUpdate": true,
          "setState": Object {
            "skipsComponentDidUpdateOnNullish": true,
          },
        },
      },
    },
    Symbol(enzyme.__providerValues__): undefined,
  },
  Symbol(enzyme.__providerValues__): Map {},
}
`;
