// Jest Snapshot v1, https://goo.gl/fbAQLP

exports[`UserHeaderLoading component should render without exploding 1`] = `
ShallowWrapper {
  Symbol(enzyme.__root__): [Circular],
  Symbol(enzyme.__unrendered__): <UserHeaderLoading />,
  Symbol(enzyme.__renderer__): Object {
    "batchedUpdates": [Function],
    "checkPropTypes": [Function],
    "getNode": [Function],
    "render": [Function],
    "simulateError": [Function],
    "simulateEvent": [Function],
    "unmount": [Function],
  },
  Symbol(enzyme.__node__): Object {
    "instance": null,
    "key": undefined,
    "nodeType": "host",
    "props": Object {
      "children": <div
        className="UserHeaderLoading__container"
      >
        <div
          className="ant-card-loading-block UserHeaderLoading__avatar"
          style={
            Object {
              "height": "100px",
              "width": "100px",
            }
          }
        />
        <div
          className="UserHeaderLoading__user"
        >
          <div
            className="ant-card-loading-block"
            style={
              Object {
                "height": "32px",
                "marginBottom": 0,
                "marginLeft": 0,
                "width": "160px",
              }
            }
          />
          <div
            className="ant-card-loading-block"
            style={
              Object {
                "height": "20px",
                "marginLeft": 0,
                "width": "120px",
              }
            }
          />
          <div
            className="UserHeaderLoading__user"
          >
            <div
              className="ant-card-loading-block"
              style={
                Object {
                  "height": "20px",
                  "marginLeft": 0,
                  "width": "100px",
                }
              }
            />
          </div>
        </div>
      </div>,
      "className": "UserHeaderLoading",
    },
    "ref": null,
    "rendered": Object {
      "instance": null,
      "key": undefined,
      "nodeType": "host",
      "props": Object {
        "children": Array [
          <div
            className="ant-card-loading-block UserHeaderLoading__avatar"
            style={
              Object {
                "height": "100px",
                "width": "100px",
              }
            }
          />,
          <div
            className="UserHeaderLoading__user"
          >
            <div
              className="ant-card-loading-block"
              style={
                Object {
                  "height": "32px",
                  "marginBottom": 0,
                  "marginLeft": 0,
                  "width": "160px",
                }
              }
            />
            <div
              className="ant-card-loading-block"
              style={
                Object {
                  "height": "20px",
                  "marginLeft": 0,
                  "width": "120px",
                }
              }
            />
            <div
              className="UserHeaderLoading__user"
            >
              <div
                className="ant-card-loading-block"
                style={
                  Object {
                    "height": "20px",
                    "marginLeft": 0,
                    "width": "100px",
                  }
                }
              />
            </div>
          </div>,
        ],
        "className": "UserHeaderLoading__container",
      },
      "ref": null,
      "rendered": Array [
        Object {
          "instance": null,
          "key": undefined,
          "nodeType": "host",
          "props": Object {
            "className": "ant-card-loading-block UserHeaderLoading__avatar",
            "style": Object {
              "height": "100px",
              "width": "100px",
            },
          },
          "ref": null,
          "rendered": null,
          "type": "div",
        },
        Object {
          "instance": null,
          "key": undefined,
          "nodeType": "host",
          "props": Object {
            "children": Array [
              <div
                className="ant-card-loading-block"
                style={
                  Object {
                    "height": "32px",
                    "marginBottom": 0,
                    "marginLeft": 0,
                    "width": "160px",
                  }
                }
              />,
              <div
                className="ant-card-loading-block"
                style={
                  Object {
                    "height": "20px",
                    "marginLeft": 0,
                    "width": "120px",
                  }
                }
              />,
              <div
                className="UserHeaderLoading__user"
              >
                <div
                  className="ant-card-loading-block"
                  style={
                    Object {
                      "height": "20px",
                      "marginLeft": 0,
                      "width": "100px",
                    }
                  }
                />
              </div>,
            ],
            "className": "UserHeaderLoading__user",
          },
          "ref": null,
          "rendered": Array [
            Object {
              "instance": null,
              "key": undefined,
              "nodeType": "host",
              "props": Object {
                "className": "ant-card-loading-block",
                "style": Object {
                  "height": "32px",
                  "marginBottom": 0,
                  "marginLeft": 0,
                  "width": "160px",
                },
              },
              "ref": null,
              "rendered": null,
              "type": "div",
            },
            Object {
              "instance": null,
              "key": undefined,
              "nodeType": "host",
              "props": Object {
                "className": "ant-card-loading-block",
                "style": Object {
                  "height": "20px",
                  "marginLeft": 0,
                  "width": "120px",
                },
              },
              "ref": null,
              "rendered": null,
              "type": "div",
            },
            Object {
              "instance": null,
              "key": undefined,
              "nodeType": "host",
              "props": Object {
                "children": <div
                  className="ant-card-loading-block"
                  style={
                    Object {
                      "height": "20px",
                      "marginLeft": 0,
                      "width": "100px",
                    }
                  }
                />,
                "className": "UserHeaderLoading__user",
              },
              "ref": null,
              "rendered": Object {
                "instance": null,
                "key": undefined,
                "nodeType": "host",
                "props": Object {
                  "className": "ant-card-loading-block",
                  "style": Object {
                    "height": "20px",
                    "marginLeft": 0,
                    "width": "100px",
                  },
                },
                "ref": null,
                "rendered": null,
                "type": "div",
              },
              "type": "div",
            },
          ],
          "type": "div",
        },
      ],
      "type": "div",
    },
    "type": "div",
  },
  Symbol(enzyme.__nodes__): Array [
    Object {
      "instance": null,
      "key": undefined,
      "nodeType": "host",
      "props": Object {
        "children": <div
          className="UserHeaderLoading__container"
        >
          <div
            className="ant-card-loading-block UserHeaderLoading__avatar"
            style={
              Object {
                "height": "100px",
                "width": "100px",
              }
            }
          />
          <div
            className="UserHeaderLoading__user"
          >
            <div
              className="ant-card-loading-block"
              style={
                Object {
                  "height": "32px",
                  "marginBottom": 0,
                  "marginLeft": 0,
                  "width": "160px",
                }
              }
            />
            <div
              className="ant-card-loading-block"
              style={
                Object {
                  "height": "20px",
                  "marginLeft": 0,
                  "width": "120px",
                }
              }
            />
            <div
              className="UserHeaderLoading__user"
            >
              <div
                className="ant-card-loading-block"
                style={
                  Object {
                    "height": "20px",
                    "marginLeft": 0,
                    "width": "100px",
                  }
                }
              />
            </div>
          </div>
        </div>,
        "className": "UserHeaderLoading",
      },
      "ref": null,
      "rendered": Object {
        "instance": null,
        "key": undefined,
        "nodeType": "host",
        "props": Object {
          "children": Array [
            <div
              className="ant-card-loading-block UserHeaderLoading__avatar"
              style={
                Object {
                  "height": "100px",
                  "width": "100px",
                }
              }
            />,
            <div
              className="UserHeaderLoading__user"
            >
              <div
                className="ant-card-loading-block"
                style={
                  Object {
                    "height": "32px",
                    "marginBottom": 0,
                    "marginLeft": 0,
                    "width": "160px",
                  }
                }
              />
              <div
                className="ant-card-loading-block"
                style={
                  Object {
                    "height": "20px",
                    "marginLeft": 0,
                    "width": "120px",
                  }
                }
              />
              <div
                className="UserHeaderLoading__user"
              >
                <div
                  className="ant-card-loading-block"
                  style={
                    Object {
                      "height": "20px",
                      "marginLeft": 0,
                      "width": "100px",
                    }
                  }
                />
              </div>
            </div>,
          ],
          "className": "UserHeaderLoading__container",
        },
        "ref": null,
        "rendered": Array [
          Object {
            "instance": null,
            "key": undefined,
            "nodeType": "host",
            "props": Object {
              "className": "ant-card-loading-block UserHeaderLoading__avatar",
              "style": Object {
                "height": "100px",
                "width": "100px",
              },
            },
            "ref": null,
            "rendered": null,
            "type": "div",
          },
          Object {
            "instance": null,
            "key": undefined,
            "nodeType": "host",
            "props": Object {
              "children": Array [
                <div
                  className="ant-card-loading-block"
                  style={
                    Object {
                      "height": "32px",
                      "marginBottom": 0,
                      "marginLeft": 0,
                      "width": "160px",
                    }
                  }
                />,
                <div
                  className="ant-card-loading-block"
                  style={
                    Object {
                      "height": "20px",
                      "marginLeft": 0,
                      "width": "120px",
                    }
                  }
                />,
                <div
                  className="UserHeaderLoading__user"
                >
                  <div
                    className="ant-card-loading-block"
                    style={
                      Object {
                        "height": "20px",
                        "marginLeft": 0,
                        "width": "100px",
                      }
                    }
                  />
                </div>,
              ],
              "className": "UserHeaderLoading__user",
            },
            "ref": null,
            "rendered": Array [
              Object {
                "instance": null,
                "key": undefined,
                "nodeType": "host",
                "props": Object {
                  "className": "ant-card-loading-block",
                  "style": Object {
                    "height": "32px",
                    "marginBottom": 0,
                    "marginLeft": 0,
                    "width": "160px",
                  },
                },
                "ref": null,
                "rendered": null,
                "type": "div",
              },
              Object {
                "instance": null,
                "key": undefined,
                "nodeType": "host",
                "props": Object {
                  "className": "ant-card-loading-block",
                  "style": Object {
                    "height": "20px",
                    "marginLeft": 0,
                    "width": "120px",
                  },
                },
                "ref": null,
                "rendered": null,
                "type": "div",
              },
              Object {
                "instance": null,
                "key": undefined,
                "nodeType": "host",
                "props": Object {
                  "children": <div
                    className="ant-card-loading-block"
                    style={
                      Object {
                        "height": "20px",
                        "marginLeft": 0,
                        "width": "100px",
                      }
                    }
                  />,
                  "className": "UserHeaderLoading__user",
                },
                "ref": null,
                "rendered": Object {
                  "instance": null,
                  "key": undefined,
                  "nodeType": "host",
                  "props": Object {
                    "className": "ant-card-loading-block",
                    "style": Object {
                      "height": "20px",
                      "marginLeft": 0,
                      "width": "100px",
                    },
                  },
                  "ref": null,
                  "rendered": null,
                  "type": "div",
                },
                "type": "div",
              },
            ],
            "type": "div",
          },
        ],
        "type": "div",
      },
      "type": "div",
    },
  ],
  Symbol(enzyme.__options__): Object {
    "adapter": ReactSixteenAdapter {
      "options": Object {
        "enableComponentDidUpdateOnSetState": true,
        "legacyContextMode": "parent",
        "lifecycles": Object {
          "componentDidUpdate": Object {
            "onSetState": true,
          },
          "getChildContext": Object {
            "calledByRenderer": false,
          },
          "getDerivedStateFromError": true,
          "getDerivedStateFromProps": Object {
            "hasShouldComponentUpdateBug": false,
          },
          "getSnapshotBeforeUpdate": true,
          "setState": Object {
            "skipsComponentDidUpdateOnNullish": true,
          },
        },
      },
    },
    Symbol(enzyme.__providerValues__): undefined,
  },
  Symbol(enzyme.__providerValues__): Map {},
}
`;
