// Jest Snapshot v1, https://goo.gl/fbAQLP

exports[`<ForecastItem /> renders component without crashing 1`] = `
ShallowWrapper {
  Symbol(enzyme.__root__): [Circular],
  Symbol(enzyme.__unrendered__): <Provider
    store={undefined}
  >
    <IntlProvider
      locale="en"
    >
      <MemoryRouter>
        <InjectIntl(ForecastItem)
          dateTimeCreate="2019-07-04T11:02:36.000Z"
          forecast="2019-07-04T15:02:36.000Z"
          intl={
            Object {
              "locale": "en",
            }
          }
          postPrice={0.91708}
          quote={
            Object {
              "askPrice": "-",
              "bidPrice": "-",
              "dailyChange": 0,
              "isSession": true,
              "security": "-",
              "state": "not-update",
              "timestamp": null,
            }
          }
          quoteSecurity="AUDCAD"
          quoteSettings={
            Object {
              "ID": null,
              "defaultQuantity": 0,
              "isSession": false,
              "leverage": null,
              "market": "Currency",
              "maximumQuantity": null,
              "minimumQuantity": null,
              "name": "-",
              "popular": null,
              "priceRounding": null,
              "quantityIncrement": null,
              "tickSize": null,
              "wobjData": Object {
                "author_permlink": "abc",
                "avatarlink": null,
              },
            }
          }
          recommend="Sell"
        />
      </MemoryRouter>
    </IntlProvider>
  </Provider>,
  Symbol(enzyme.__renderer__): Object {
    "batchedUpdates": [Function],
    "getNode": [Function],
    "render": [Function],
    "simulateError": [Function],
    "simulateEvent": [Function],
    "unmount": [Function],
  },
  Symbol(enzyme.__node__): Object {
    "instance": null,
    "key": undefined,
    "nodeType": "class",
    "props": Object {
      "children": <MemoryRouter>
        <InjectIntl(ForecastItem)
          dateTimeCreate="2019-07-04T11:02:36.000Z"
          forecast="2019-07-04T15:02:36.000Z"
          intl={
            Object {
              "locale": "en",
            }
          }
          postPrice={0.91708}
          quote={
            Object {
              "askPrice": "-",
              "bidPrice": "-",
              "dailyChange": 0,
              "isSession": true,
              "security": "-",
              "state": "not-update",
              "timestamp": null,
            }
          }
          quoteSecurity="AUDCAD"
          quoteSettings={
            Object {
              "ID": null,
              "defaultQuantity": 0,
              "isSession": false,
              "leverage": null,
              "market": "Currency",
              "maximumQuantity": null,
              "minimumQuantity": null,
              "name": "-",
              "popular": null,
              "priceRounding": null,
              "quantityIncrement": null,
              "tickSize": null,
              "wobjData": Object {
                "author_permlink": "abc",
                "avatarlink": null,
              },
            }
          }
          recommend="Sell"
        />
      </MemoryRouter>,
      "locale": "en",
    },
    "ref": null,
    "rendered": Object {
      "instance": null,
      "key": undefined,
      "nodeType": "class",
      "props": Object {
        "children": <InjectIntl(ForecastItem)
          dateTimeCreate="2019-07-04T11:02:36.000Z"
          forecast="2019-07-04T15:02:36.000Z"
          intl={
            Object {
              "locale": "en",
            }
          }
          postPrice={0.91708}
          quote={
            Object {
              "askPrice": "-",
              "bidPrice": "-",
              "dailyChange": 0,
              "isSession": true,
              "security": "-",
              "state": "not-update",
              "timestamp": null,
            }
          }
          quoteSecurity="AUDCAD"
          quoteSettings={
            Object {
              "ID": null,
              "defaultQuantity": 0,
              "isSession": false,
              "leverage": null,
              "market": "Currency",
              "maximumQuantity": null,
              "minimumQuantity": null,
              "name": "-",
              "popular": null,
              "priceRounding": null,
              "quantityIncrement": null,
              "tickSize": null,
              "wobjData": Object {
                "author_permlink": "abc",
                "avatarlink": null,
              },
            }
          }
          recommend="Sell"
        />,
      },
      "ref": null,
      "rendered": Object {
        "instance": null,
        "key": undefined,
        "nodeType": "class",
        "props": Object {
          "dateTimeCreate": "2019-07-04T11:02:36.000Z",
          "forecast": "2019-07-04T15:02:36.000Z",
          "intl": Object {
            "locale": "en",
          },
          "postPrice": 0.91708,
          "quote": Object {
            "askPrice": "-",
            "bidPrice": "-",
            "dailyChange": 0,
            "isSession": true,
            "security": "-",
            "state": "not-update",
            "timestamp": null,
          },
          "quoteSecurity": "AUDCAD",
          "quoteSettings": Object {
            "ID": null,
            "defaultQuantity": 0,
            "isSession": false,
            "leverage": null,
            "market": "Currency",
            "maximumQuantity": null,
            "minimumQuantity": null,
            "name": "-",
            "popular": null,
            "priceRounding": null,
            "quantityIncrement": null,
            "tickSize": null,
            "wobjData": Object {
              "author_permlink": "abc",
              "avatarlink": null,
            },
          },
          "recommend": "Sell",
        },
        "ref": null,
        "rendered": null,
        "type": [Function],
      },
      "type": [Function],
    },
    "type": [Function],
  },
  Symbol(enzyme.__nodes__): Array [
    Object {
      "instance": null,
      "key": undefined,
      "nodeType": "class",
      "props": Object {
        "children": <MemoryRouter>
          <InjectIntl(ForecastItem)
            dateTimeCreate="2019-07-04T11:02:36.000Z"
            forecast="2019-07-04T15:02:36.000Z"
            intl={
              Object {
                "locale": "en",
              }
            }
            postPrice={0.91708}
            quote={
              Object {
                "askPrice": "-",
                "bidPrice": "-",
                "dailyChange": 0,
                "isSession": true,
                "security": "-",
                "state": "not-update",
                "timestamp": null,
              }
            }
            quoteSecurity="AUDCAD"
            quoteSettings={
              Object {
                "ID": null,
                "defaultQuantity": 0,
                "isSession": false,
                "leverage": null,
                "market": "Currency",
                "maximumQuantity": null,
                "minimumQuantity": null,
                "name": "-",
                "popular": null,
                "priceRounding": null,
                "quantityIncrement": null,
                "tickSize": null,
                "wobjData": Object {
                  "author_permlink": "abc",
                  "avatarlink": null,
                },
              }
            }
            recommend="Sell"
          />
        </MemoryRouter>,
        "locale": "en",
      },
      "ref": null,
      "rendered": Object {
        "instance": null,
        "key": undefined,
        "nodeType": "class",
        "props": Object {
          "children": <InjectIntl(ForecastItem)
            dateTimeCreate="2019-07-04T11:02:36.000Z"
            forecast="2019-07-04T15:02:36.000Z"
            intl={
              Object {
                "locale": "en",
              }
            }
            postPrice={0.91708}
            quote={
              Object {
                "askPrice": "-",
                "bidPrice": "-",
                "dailyChange": 0,
                "isSession": true,
                "security": "-",
                "state": "not-update",
                "timestamp": null,
              }
            }
            quoteSecurity="AUDCAD"
            quoteSettings={
              Object {
                "ID": null,
                "defaultQuantity": 0,
                "isSession": false,
                "leverage": null,
                "market": "Currency",
                "maximumQuantity": null,
                "minimumQuantity": null,
                "name": "-",
                "popular": null,
                "priceRounding": null,
                "quantityIncrement": null,
                "tickSize": null,
                "wobjData": Object {
                  "author_permlink": "abc",
                  "avatarlink": null,
                },
              }
            }
            recommend="Sell"
          />,
        },
        "ref": null,
        "rendered": Object {
          "instance": null,
          "key": undefined,
          "nodeType": "class",
          "props": Object {
            "dateTimeCreate": "2019-07-04T11:02:36.000Z",
            "forecast": "2019-07-04T15:02:36.000Z",
            "intl": Object {
              "locale": "en",
            },
            "postPrice": 0.91708,
            "quote": Object {
              "askPrice": "-",
              "bidPrice": "-",
              "dailyChange": 0,
              "isSession": true,
              "security": "-",
              "state": "not-update",
              "timestamp": null,
            },
            "quoteSecurity": "AUDCAD",
            "quoteSettings": Object {
              "ID": null,
              "defaultQuantity": 0,
              "isSession": false,
              "leverage": null,
              "market": "Currency",
              "maximumQuantity": null,
              "minimumQuantity": null,
              "name": "-",
              "popular": null,
              "priceRounding": null,
              "quantityIncrement": null,
              "tickSize": null,
              "wobjData": Object {
                "author_permlink": "abc",
                "avatarlink": null,
              },
            },
            "recommend": "Sell",
          },
          "ref": null,
          "rendered": null,
          "type": [Function],
        },
        "type": [Function],
      },
      "type": [Function],
    },
  ],
  Symbol(enzyme.__options__): Object {
    "adapter": ReactSixteenAdapter {
      "options": Object {
        "enableComponentDidUpdateOnSetState": true,
        "lifecycles": Object {
          "componentDidUpdate": Object {
            "onSetState": true,
          },
          "getDerivedStateFromProps": true,
          "getSnapshotBeforeUpdate": true,
          "setState": Object {
            "skipsComponentDidUpdateOnNullish": true,
          },
        },
      },
    },
  },
}
`;
